# probe start 2026-09-14T12:57:04Z  BASE_URL=http://localhost:8000  host=NODE-A

=== §6.8 重現性 — case06 醫美 r1/3 ===

real	2m56.969s
user	0m0.035s
sys	0m0.000s
  → http_code=200 time_total=176.962192 size_download=8488 url_effective=http://localhost:8000/personadb/candidates?questions=%E9%86%AB%E7%BE%8E%E8%A8%BA%E6%89%80%E7%9A%84%E7%9B%AE%E6%A8%99%E5%AE%A2%E6%88%B6&role=%E9%86%AB%E7%BE%8E%E8%A8%BA%E6%89%80%E8%A1%8C%E9%8A%B7%E4%B8%BB%E7%AE%A1&top_k=10&opMode=%E5%83%85%E7%AF%A9%E9%81%B8 

=== §6.8 重現性 — case06 醫美 r2/3 ===

real	3m42.888s
user	0m0.026s
sys	0m0.024s
  → http_code=200 time_total=222.875118 size_download=8123 url_effective=http://localhost:8000/personadb/candidates?questions=%E9%86%AB%E7%BE%8E%E8%A8%BA%E6%89%80%E7%9A%84%E7%9B%AE%E6%A8%99%E5%AE%A2%E6%88%B6&role=%E9%86%AB%E7%BE%8E%E8%A8%BA%E6%89%80%E8%A1%8C%E9%8A%B7%E4%B8%BB%E7%AE%A1&top_k=10&opMode=%E5%83%85%E7%AF%A9%E9%81%B8 

=== §6.8 重現性 — case06 醫美 r3/3 ===

real	3m21.687s
user	0m0.026s
sys	0m0.025s
  → http_code=200 time_total=201.668515 size_download=8452 url_effective=http://localhost:8000/personadb/candidates?questions=%E9%86%AB%E7%BE%8E%E8%A8%BA%E6%89%80%E7%9A%84%E7%9B%AE%E6%A8%99%E5%AE%A2%E6%88%B6&role=%E9%86%AB%E7%BE%8E%E8%A8%BA%E6%89%80%E8%A1%8C%E9%8A%B7%E4%B8%BB%E7%AE%A1&top_k=10&opMode=%E5%83%85%E7%AF%A9%E9%81%B8 

=== §6.8 重現性 — case09 業主 r1/3 ===

real	0m59.737s
user	0m0.015s
sys	0m0.019s
  → http_code=200 time_total=59.715740 size_download=7453 url_effective=http://localhost:8000/personadb/candidates?questions=%E6%83%B3%E6%89%BE%E4%BC%81%E6%A5%AD%E4%B8%BB%E6%88%96%E5%B7%A5%E5%BB%A0%E8%80%81%E9%97%86%E6%9C%AC%E4%BA%BA%E4%BD%9C%E7%82%BAB2B%E5%95%8F%E5%8D%B7%E5%8F%97%E8%A8%AA%E8%80%85&top_k=10&opMode=%E5%83%85%E7%AF%A9%E9%81%B8 

=== §6.8 重現性 — case09 業主 r2/3 ===

real	1m44.477s
user	0m0.005s
sys	0m0.019s
  → http_code=200 time_total=104.470245 size_download=7631 url_effective=http://localhost:8000/personadb/candidates?questions=%E6%83%B3%E6%89%BE%E4%BC%81%E6%A5%AD%E4%B8%BB%E6%88%96%E5%B7%A5%E5%BB%A0%E8%80%81%E9%97%86%E6%9C%AC%E4%BA%BA%E4%BD%9C%E7%82%BAB2B%E5%95%8F%E5%8D%B7%E5%8F%97%E8%A8%AA%E8%80%85&top_k=10&opMode=%E5%83%85%E7%AF%A9%E9%81%B8 

=== §6.8 重現性 — case09 業主 r3/3 ===

real	1m1.534s
user	0m0.006s
sys	0m0.012s
  → http_code=200 time_total=61.525913 size_download=7470 url_effective=http://localhost:8000/personadb/candidates?questions=%E6%83%B3%E6%89%BE%E4%BC%81%E6%A5%AD%E4%B8%BB%E6%88%96%E5%B7%A5%E5%BB%A0%E8%80%81%E9%97%86%E6%9C%AC%E4%BA%BA%E4%BD%9C%E7%82%BAB2B%E5%95%8F%E5%8D%B7%E5%8F%97%E8%A8%AA%E8%80%85&top_k=10&opMode=%E5%83%85%E7%AF%A9%E9%81%B8 

=== §6.9 t1 窄查詢 → 非 target_reached 停止原因 ===

real	2m41.815s
user	0m0.008s
sys	0m0.026s
  → http_code=200 time_total=161.807758 size_download=2380 url_effective=http://localhost:8000/personadb/candidates?questions=%E6%83%B3%E6%89%BE%E5%90%8C%E6%99%82%E6%93%81%E6%9C%89%E9%81%8A%E8%89%87%E8%88%87%E7%A7%81%E4%BA%BA%E9%A3%9B%E6%A9%9F%E7%9A%8445%E6%AD%B2%E5%96%AE%E8%BA%AB%E5%A5%B3%E6%80%A7%E4%BC%81%E6%A5%AD%E4%B8%BB&top_k=10&opMode=%E5%83%85%E7%AF%A9%E9%81%B8 

=== §6.9 t2 窄查詢 + top_k=100 → pool_exhausted=true 分支 ===

real	2m56.410s
user	0m0.016s
sys	0m0.032s
  → http_code=200 time_total=176.389056 size_download=2213 url_effective=http://localhost:8000/personadb/candidates?questions=%E6%83%B3%E6%89%BE%E5%90%8C%E6%99%82%E6%93%81%E6%9C%89%E9%81%8A%E8%89%87%E8%88%87%E7%A7%81%E4%BA%BA%E9%A3%9B%E6%A9%9F%E7%9A%8445%E6%AD%B2%E5%96%AE%E8%BA%AB%E5%A5%B3%E6%80%A7%E4%BC%81%E6%A5%AD%E4%B8%BB&top_k=100&opMode=%E5%83%85%E7%AF%A9%E9%81%B8 

=== §6.9 t3 極寬查詢 → stop_reason 空字串分支（未進入迴圈） ===

real	0m46.606s
user	0m0.006s
sys	0m0.012s
  → http_code=503 time_total=46.596471 size_download=239 url_effective=http://localhost:8000/personadb/candidates?questions=%E7%9B%AE%E6%A8%99%E5%AE%A2%E6%88%B6&top_k=3&opMode=%E5%83%85%E7%AF%A9%E9%81%B8 

# probe end 2026-09-14T13:17:16Z
