# probe start 2026-09-16T03:38:15Z  BASE_URL=http://localhost:8000  host=NODE-A  OUT=/home/ubuntu/qa-round14

=== §6.8 重現性 — case08 小吃攤（顧客語意）r1/3（#65 主體護欄） ===

real	1m15.533s
user	0m1.174s
sys	0m0.915s
  → http_code=200 time_total=73.732368 size_download=8247 url_effective=http://localhost:8000/personadb/candidates?questions=%E5%B0%8F%E5%90%83%E6%94%A4%E8%80%81%E9%97%86%E7%9A%84%E7%9B%AE%E6%A8%99%E5%AE%A2%E7%BE%A4&role=%E5%A4%9C%E5%B8%82%E5%95%86%E5%9C%88%E5%8D%94%E6%9C%83&top_k=10&opMode=%E5%83%85%E7%AF%A9%E9%81%B8 

=== §6.8 重現性 — case08 小吃攤（顧客語意）r2/3（#65 主體護欄） ===

real	1m20.326s
user	0m0.670s
sys	0m0.845s
  → http_code=200 time_total=78.843559 size_download=8209 url_effective=http://localhost:8000/personadb/candidates?questions=%E5%B0%8F%E5%90%83%E6%94%A4%E8%80%81%E9%97%86%E7%9A%84%E7%9B%AE%E6%A8%99%E5%AE%A2%E7%BE%A4&role=%E5%A4%9C%E5%B8%82%E5%95%86%E5%9C%88%E5%8D%94%E6%9C%83&top_k=10&opMode=%E5%83%85%E7%AF%A9%E9%81%B8 

=== §6.8 重現性 — case08 小吃攤（顧客語意）r3/3（#65 主體護欄） ===

real	1m21.673s
user	0m1.031s
sys	0m1.026s
  → http_code=200 time_total=80.188513 size_download=8120 url_effective=http://localhost:8000/personadb/candidates?questions=%E5%B0%8F%E5%90%83%E6%94%A4%E8%80%81%E9%97%86%E7%9A%84%E7%9B%AE%E6%A8%99%E5%AE%A2%E7%BE%A4&role=%E5%A4%9C%E5%B8%82%E5%95%86%E5%9C%88%E5%8D%94%E6%9C%83&top_k=10&opMode=%E5%83%85%E7%AF%A9%E9%81%B8 

=== §6.8 重現性 — case06 醫美 r1/3（保護集／值集放寬幅度 #69） ===

real	4m31.497s
user	0m1.186s
sys	0m1.488s
  → http_code=200 time_total=270.066763 size_download=9970 url_effective=http://localhost:8000/personadb/candidates?questions=%E9%86%AB%E7%BE%8E%E8%A8%BA%E6%89%80%E7%9A%84%E7%9B%AE%E6%A8%99%E5%AE%A2%E6%88%B6&role=%E9%86%AB%E7%BE%8E%E8%A8%BA%E6%89%80%E8%A1%8C%E9%8A%B7%E4%B8%BB%E7%AE%A1&top_k=10&opMode=%E5%83%85%E7%AF%A9%E9%81%B8 

=== §6.8 重現性 — case06 醫美 r2/3（保護集／值集放寬幅度 #69） ===

real	3m42.135s
user	0m0.664s
sys	0m0.724s
  → http_code=200 time_total=220.808291 size_download=9168 url_effective=http://localhost:8000/personadb/candidates?questions=%E9%86%AB%E7%BE%8E%E8%A8%BA%E6%89%80%E7%9A%84%E7%9B%AE%E6%A8%99%E5%AE%A2%E6%88%B6&role=%E9%86%AB%E7%BE%8E%E8%A8%BA%E6%89%80%E8%A1%8C%E9%8A%B7%E4%B8%BB%E7%AE%A1&top_k=10&opMode=%E5%83%85%E7%AF%A9%E9%81%B8 

=== §6.8 重現性 — case06 醫美 r3/3（保護集／值集放寬幅度 #69） ===

real	3m35.979s
user	0m0.637s
sys	0m0.692s
  → http_code=200 time_total=214.762150 size_download=9895 url_effective=http://localhost:8000/personadb/candidates?questions=%E9%86%AB%E7%BE%8E%E8%A8%BA%E6%89%80%E7%9A%84%E7%9B%AE%E6%A8%99%E5%AE%A2%E6%88%B6&role=%E9%86%AB%E7%BE%8E%E8%A8%BA%E6%89%80%E8%A1%8C%E9%8A%B7%E4%B8%BB%E7%AE%A1&top_k=10&opMode=%E5%83%85%E7%AF%A9%E9%81%B8 

=== §6.9 t1 不可滿足查詢 top_k=10（題目原文見檔頭） ===

real	3m29.904s
user	0m1.271s
sys	0m1.785s
  → http_code=200 time_total=206.988680 size_download=3329 url_effective=http://localhost:8000/personadb/candidates?questions=%E6%83%B3%E6%89%BE%E5%90%8C%E6%99%82%E6%93%81%E6%9C%89%E9%81%8A%E8%89%87%E8%88%87%E7%A7%81%E4%BA%BA%E9%A3%9B%E6%A9%9F%E7%9A%8445%E6%AD%B2%E5%96%AE%E8%BA%AB%E5%A5%B3%E6%80%A7%E4%BC%81%E6%A5%AD%E4%B8%BB&top_k=10&opMode=%E5%83%85%E7%AF%A9%E9%81%B8 

=== §6.9 t2 時尚（case03 原參數）→ 逼出 overshoot_restore（#70 A） ===

real	2m59.202s
user	0m1.026s
sys	0m1.633s
  → http_code=200 time_total=176.538479 size_download=8605 url_effective=http://localhost:8000/personadb/candidates?questions=%E6%99%82%E5%B0%9A%E6%9C%8D%E8%A3%9D%E8%A8%AD%E8%A8%88%E5%B8%AB%E7%9A%84%E7%9B%AE%E6%A8%99%E5%AE%A2%E6%88%B6&top_k=10&opMode=%E5%83%85%E7%AF%A9%E9%81%B8 

=== §6.9 t3 收窄醫美 → protection_saturated（#66 C 回歸） ===

real	3m36.056s
user	0m0.123s
sys	0m0.201s
  → http_code=200 time_total=215.766206 size_download=9767 url_effective=http://localhost:8000/personadb/candidates?questions=%E6%83%B3%E6%89%BE%E5%81%9A%E9%81%8E%E9%86%AB%E7%BE%8E%E7%99%82%E7%A8%8B%E7%9A%8445%E6%AD%B2%E5%96%AE%E8%BA%AB%E5%A5%B3%E6%80%A7&top_k=10&opMode=%E5%83%85%E7%AF%A9%E9%81%B8 

=== §6.9 t4 TESLA top_k=20 → #61 commute_mode 保護 ===

real	1m46.442s
user	0m0.011s
sys	0m0.049s
  → http_code=200 time_total=106.397165 size_download=13576 url_effective=http://localhost:8000/personadb/candidates?questions=TESLA%E7%9A%84%E7%9B%AE%E6%A8%99%E5%AE%A2%E6%88%B6&top_k=20&opMode=%E5%83%85%E7%AF%A9%E9%81%B8 

# probe end 2026-09-16T04:05:56Z
